{"level":"http","message":"POST /api/v1/transactions/reservation 201 314 - 365.494 ms - user:guest","service":"library-api","timestamp":"2026-07-08T02:54:52.579Z"}
{"level":"warn","message":"Book not found","path":"/api/v1/transactions/reservation","service":"library-api","stack":"Error: Book not found\n    at TransactionService.<anonymous> (D:\\workspace\\purwadhika\\web-development-class\\web-development-39\\advance\\library-api\\src\\features\\transaction\\transaction.service.ts:23:15)\n    at Generator.next (<anonymous>)\n    at fulfilled (D:\\workspace\\purwadhika\\web-development-class\\web-development-39\\advance\\library-api\\src\\features\\transaction\\transaction.service.ts:5:58)","timestamp":"2026-07-08T02:55:12.147Z"}
{"level":"error","message":"Book not found","path":"/api/v1/transactions/reservation","service":"library-api","stack":"Error: Book not found\n    at TransactionService.<anonymous> (D:\\workspace\\purwadhika\\web-development-class\\web-development-39\\advance\\library-api\\src\\features\\transaction\\transaction.service.ts:23:15)\n    at Generator.next (<anonymous>)\n    at fulfilled (D:\\workspace\\purwadhika\\web-development-class\\web-development-39\\advance\\library-api\\src\\features\\transaction\\transaction.service.ts:5:58)","timestamp":"2026-07-08T02:55:12.148Z"}
{"level":"http","message":"POST /api/v1/transactions/reservation 404 56 - 130.605 ms - user:guest","service":"library-api","timestamp":"2026-07-08T02:55:12.151Z"}
{"level":"warn","message":"Book not found","path":"/api/v1/transactions/reservation","service":"library-api","stack":"Error: Book not found\n    at TransactionService.<anonymous> (D:\\workspace\\purwadhika\\web-development-class\\web-development-39\\advance\\library-api\\src\\features\\transaction\\transaction.service.ts:23:15)\n    at Generator.next (<anonymous>)\n    at fulfilled (D:\\workspace\\purwadhika\\web-development-class\\web-development-39\\advance\\library-api\\src\\features\\transaction\\transaction.service.ts:5:58)","timestamp":"2026-07-08T02:57:41.912Z"}
{"level":"error","message":"Book not found","path":"/api/v1/transactions/reservation","service":"library-api","stack":"Error: Book not found\n    at TransactionService.<anonymous> (D:\\workspace\\purwadhika\\web-development-class\\web-development-39\\advance\\library-api\\src\\features\\transaction\\transaction.service.ts:23:15)\n    at Generator.next (<anonymous>)\n    at fulfilled (D:\\workspace\\purwadhika\\web-development-class\\web-development-39\\advance\\library-api\\src\\features\\transaction\\transaction.service.ts:5:58)","timestamp":"2026-07-08T02:57:41.915Z"}
{"level":"http","message":"POST /api/v1/transactions/reservation 404 56 - 184.616 ms - user:guest","service":"library-api","timestamp":"2026-07-08T02:57:41.928Z"}
{"level":"warn","message":"Book not found","path":"/api/v1/transactions/reservation","service":"library-api","stack":"Error: Book not found\n    at TransactionService.<anonymous> (D:\\workspace\\purwadhika\\web-development-class\\web-development-39\\advance\\library-api\\src\\features\\transaction\\transaction.service.ts:23:15)\n    at Generator.next (<anonymous>)\n    at fulfilled (D:\\workspace\\purwadhika\\web-development-class\\web-development-39\\advance\\library-api\\src\\features\\transaction\\transaction.service.ts:5:58)","timestamp":"2026-07-08T03:03:56.470Z"}
{"level":"error","message":"Book not found","path":"/api/v1/transactions/reservation","service":"library-api","stack":"Error: Book not found\n    at TransactionService.<anonymous> (D:\\workspace\\purwadhika\\web-development-class\\web-development-39\\advance\\library-api\\src\\features\\transaction\\transaction.service.ts:23:15)\n    at Generator.next (<anonymous>)\n    at fulfilled (D:\\workspace\\purwadhika\\web-development-class\\web-development-39\\advance\\library-api\\src\\features\\transaction\\transaction.service.ts:5:58)","timestamp":"2026-07-08T03:03:56.474Z"}
{"level":"http","message":"POST /api/v1/transactions/reservation 404 56 - 769.367 ms - user:72d25424-64be-4156-82de-fb298e98e45c","service":"library-api","timestamp":"2026-07-08T03:03:56.486Z"}
{"level":"info","message":"[⌚CRONN] Total: 0 transactions has expiry","service":"library-api","timestamp":"2026-07-08T04:43:00.402Z"}
{"level":"info","message":"[⌚CRONN] Total: 0 transactions has expiry","service":"library-api","timestamp":"2026-07-08T04:44:00.189Z"}
{"level":"info","message":"[⌚CRONN] Total: 0 transactions has expiry","service":"library-api","timestamp":"2026-07-08T04:45:00.190Z"}
{"level":"info","message":"[⌚CRONN] Total: 0 transactions has expiry","service":"library-api","timestamp":"2026-07-08T04:46:00.389Z"}
{"level":"info","message":"[⌚CRONN] Total: 0 transactions has expiry","service":"library-api","timestamp":"2026-07-08T04:47:00.188Z"}
{"level":"info","message":"[⌚CRONN] Total: 0 transactions has expiry","service":"library-api","timestamp":"2026-07-08T04:48:00.317Z"}
{"level":"info","message":"[⌚CRONN] Total: 0 transactions has expiry","service":"library-api","timestamp":"2026-07-08T04:49:00.236Z"}
{"level":"info","message":"[⌚CRONN] Total: 0 transactions has expiry","service":"library-api","timestamp":"2026-07-08T04:50:00.842Z"}
{"level":"info","message":"[⌚CRONN] Total: 0 transactions has expiry","service":"library-api","timestamp":"2026-07-08T04:51:00.156Z"}
{"level":"info","message":"[⌚CRONN] Total: 0 transactions has expiry","service":"library-api","timestamp":"2026-07-08T04:52:00.155Z"}
{"level":"info","message":"[⌚CRONN] Total: 0 transactions has expiry","service":"library-api","timestamp":"2026-07-08T04:53:00.163Z"}
{"level":"info","message":"[⌚CRONN] Total: 0 transactions has expiry","service":"library-api","timestamp":"2026-07-08T04:54:00.245Z"}
{"level":"info","message":"[⌚CRONN] Total: 0 transactions has expiry","service":"library-api","timestamp":"2026-07-08T04:55:00.280Z"}
{"level":"info","message":"[⌚CRONN] Total: 0 transactions has expiry","service":"library-api","timestamp":"2026-07-08T04:56:00.161Z"}
{"level":"info","message":"[⌚CRONN] Total: 0 transactions has expiry","service":"library-api","timestamp":"2026-07-08T04:57:00.268Z"}
{"level":"info","message":"[⌚CRONN] Total: 0 transactions has expiry","service":"library-api","timestamp":"2026-07-08T04:58:00.501Z"}
{"level":"info","message":"[⌚CRONN] Total: 0 transactions has expiry","service":"library-api","timestamp":"2026-07-08T04:59:00.304Z"}
{"level":"info","message":"[⌚CRONN] Total: 0 transactions has expiry","service":"library-api","timestamp":"2026-07-08T05:00:00.223Z"}
{"level":"info","message":"[⌚CRONN] Total: 0 transactions has expiry","service":"library-api","timestamp":"2026-07-08T05:01:00.185Z"}
{"level":"info","message":"[⌚CRONN] Total: 0 transactions has expiry","service":"library-api","timestamp":"2026-07-08T05:02:00.174Z"}
{"level":"info","message":"[⌚CRONN] Total: 0 transactions has expiry","service":"library-api","timestamp":"2026-07-08T05:03:00.415Z"}
{"level":"info","message":"[⌚CRONN] Total: 0 transactions has expiry","service":"library-api","timestamp":"2026-07-08T05:04:00.212Z"}
{"level":"info","message":"[⌚CRONN] Total: 0 transactions has expiry","service":"library-api","timestamp":"2026-07-08T05:05:00.263Z"}
{"level":"info","message":"[⌚CRONN] Total: 0 transactions has expiry","service":"library-api","timestamp":"2026-07-08T05:06:00.303Z"}
{"level":"info","message":"[⌚CRONN] Total: 0 transactions has expiry","service":"library-api","timestamp":"2026-07-08T05:07:00.428Z"}
{"level":"info","message":"[⌚CRONN] Total: 0 transactions has expiry","service":"library-api","timestamp":"2026-07-08T05:08:00.187Z"}
{"level":"info","message":"[⌚CRONN] Total: 0 transactions has expiry","service":"library-api","timestamp":"2026-07-08T05:09:00.194Z"}
{"level":"info","message":"[⌚CRONN] Total: 0 transactions has expiry","service":"library-api","timestamp":"2026-07-08T05:10:00.176Z"}
{"level":"info","message":"[⌚CRONN] Total: 0 transactions has expiry","service":"library-api","timestamp":"2026-07-08T05:11:00.274Z"}
{"level":"info","message":"[⌚CRONN] Total: 0 transactions has expiry","service":"library-api","timestamp":"2026-07-08T05:12:00.206Z"}
{"level":"info","message":"[⌚CRONN] Total: 0 transactions has expiry","service":"library-api","timestamp":"2026-07-08T05:13:00.205Z"}
{"level":"info","message":"[⌚CRONN] Total: 0 transactions has expiry","service":"library-api","timestamp":"2026-07-08T05:14:00.182Z"}
{"level":"info","message":"[⌚CRONN] Total: 0 transactions has expiry","service":"library-api","timestamp":"2026-07-08T05:15:00.173Z"}
{"level":"info","message":"[⌚CRONN] Total: 0 transactions has expiry","service":"library-api","timestamp":"2026-07-08T05:16:00.154Z"}
{"level":"info","message":"[⌚CRONN] Total: 0 transactions has expiry","service":"library-api","timestamp":"2026-07-08T05:17:00.221Z"}
{"level":"info","message":"[⌚CRONN] Total: 0 transactions has expiry","service":"library-api","timestamp":"2026-07-08T05:18:00.214Z"}
{"level":"info","message":"[⌚CRONN] Total: 0 transactions has expiry","service":"library-api","timestamp":"2026-07-08T05:19:00.536Z"}
{"level":"info","message":"[⌚CRONN] Total: 0 transactions has expiry","service":"library-api","timestamp":"2026-07-08T05:20:00.617Z"}
{"level":"info","message":"[⌚CRONN] Total: 0 transactions has expiry","service":"library-api","timestamp":"2026-07-08T05:21:00.551Z"}
{"level":"info","message":"[⌚CRONN] Total: 0 transactions has expiry","service":"library-api","timestamp":"2026-07-08T05:22:00.426Z"}
{"level":"info","message":"[⌚CRONN] Total: 0 transactions has expiry","service":"library-api","timestamp":"2026-07-08T05:23:00.200Z"}
{"level":"info","message":"[⌚CRONN] Total: 0 transactions has expiry","service":"library-api","timestamp":"2026-07-08T05:24:00.181Z"}
{"level":"info","message":"[⌚CRONN] Total: 0 transactions has expiry","service":"library-api","timestamp":"2026-07-08T05:25:00.448Z"}
{"level":"info","message":"[⌚CRONN] Total: 0 transactions has expiry","service":"library-api","timestamp":"2026-07-08T05:26:00.230Z"}
{"level":"info","message":"[⌚CRONN] Total: 0 transactions has expiry","service":"library-api","timestamp":"2026-07-08T05:27:00.551Z"}
{"level":"info","message":"[⌚CRONN] Total: 0 transactions has expiry","service":"library-api","timestamp":"2026-07-08T05:28:00.518Z"}
{"level":"info","message":"[⌚CRONN] Total: 0 transactions has expiry","service":"library-api","timestamp":"2026-07-08T05:29:01.047Z"}
{"level":"info","message":"[⌚CRONN] Total: 0 transactions has expiry","service":"library-api","timestamp":"2026-07-08T05:30:00.172Z"}
{"level":"info","message":"[⌚CRONN] Total: 0 transactions has expiry","service":"library-api","timestamp":"2026-07-08T05:31:00.199Z"}
{"level":"info","message":"[⌚CRONN] Total: 0 transactions has expiry","service":"library-api","timestamp":"2026-07-08T05:32:00.174Z"}
{"level":"info","message":"[⌚CRONN] Total: 0 transactions has expiry","service":"library-api","timestamp":"2026-07-08T05:33:01.530Z"}
{"level":"info","message":"[⌚CRONN] Total: 0 transactions has expiry","service":"library-api","timestamp":"2026-07-08T05:34:00.497Z"}
{"level":"info","message":"[⌚CRONN] Total: 0 transactions has expiry","service":"library-api","timestamp":"2026-07-08T05:35:00.152Z"}
{"level":"info","message":"[⌚CRONN] Total: 0 transactions has expiry","service":"library-api","timestamp":"2026-07-08T05:36:00.217Z"}
{"level":"info","message":"[⌚CRONN] Total: 0 transactions has expiry","service":"library-api","timestamp":"2026-07-08T05:37:00.205Z"}
{"level":"info","message":"[⌚CRONN] Total: 0 transactions has expiry","service":"library-api","timestamp":"2026-07-08T05:38:00.152Z"}
{"level":"info","message":"[⌚CRONN] Total: 0 transactions has expiry","service":"library-api","timestamp":"2026-07-08T05:39:00.180Z"}
{"level":"info","message":"[⌚CRONN] Total: 0 transactions has expiry","service":"library-api","timestamp":"2026-07-08T05:40:00.212Z"}
{"level":"info","message":"[⌚CRONN] Total: 0 transactions has expiry","service":"library-api","timestamp":"2026-07-08T05:41:00.684Z"}
{"level":"info","message":"[⌚CRONN] Total: 0 transactions has expiry","service":"library-api","timestamp":"2026-07-08T05:42:00.589Z"}
{"level":"info","message":"[⌚CRONN] Total: 0 transactions has expiry","service":"library-api","timestamp":"2026-07-08T05:43:00.170Z"}
{"level":"info","message":"[⌚CRONN] Total: 0 transactions has expiry","service":"library-api","timestamp":"2026-07-08T05:44:00.160Z"}
{"level":"info","message":"[⌚CRONN] Total: 0 transactions has expiry","service":"library-api","timestamp":"2026-07-08T05:45:00.164Z"}
{"level":"info","message":"[⌚CRONN] Total: 0 transactions has expiry","service":"library-api","timestamp":"2026-07-08T05:46:00.201Z"}
{"level":"info","message":"[⌚CRONN] Total: 0 transactions has expiry","service":"library-api","timestamp":"2026-07-08T05:47:00.707Z"}
{"level":"info","message":"[⌚CRONN] Total: 0 transactions has expiry","service":"library-api","timestamp":"2026-07-08T05:48:00.407Z"}
{"level":"info","message":"[⌚CRONN] Total: 0 transactions has expiry","service":"library-api","timestamp":"2026-07-08T05:49:00.372Z"}
{"level":"info","message":"[⌚CRONN] Total: 0 transactions has expiry","service":"library-api","timestamp":"2026-07-08T05:50:00.198Z"}
{"level":"info","message":"[⌚CRONN] Total: 0 transactions has expiry","service":"library-api","timestamp":"2026-07-08T05:51:00.176Z"}
{"level":"info","message":"[⌚CRONN] Total: 0 transactions has expiry","service":"library-api","timestamp":"2026-07-08T05:52:00.164Z"}
{"level":"info","message":"[⌚CRONN] Total: 0 transactions has expiry","service":"library-api","timestamp":"2026-07-08T05:53:00.162Z"}
{"level":"info","message":"[⌚CRONN] Total: 0 transactions has expiry","service":"library-api","timestamp":"2026-07-08T05:54:00.752Z"}
{"level":"info","message":"[⌚CRONN] Total: 0 transactions has expiry","service":"library-api","timestamp":"2026-07-08T05:55:00.212Z"}
{"level":"info","message":"[⌚CRONN] Total: 0 transactions has expiry","service":"library-api","timestamp":"2026-07-08T05:56:00.186Z"}
{"level":"info","message":"[⌚CRONN] Total: 0 transactions has expiry","service":"library-api","timestamp":"2026-07-08T05:57:00.214Z"}
{"level":"info","message":"[⌚CRONN] Total: 0 transactions has expiry","service":"library-api","timestamp":"2026-07-08T05:58:00.203Z"}
{"level":"info","message":"[⌚CRONN] Total: 0 transactions has expiry","service":"library-api","timestamp":"2026-07-08T05:59:00.240Z"}
{"level":"info","message":"[⌚CRONN] Total: 0 transactions has expiry","service":"library-api","timestamp":"2026-07-08T06:00:00.168Z"}
{"level":"info","message":"[⌚CRONN] Total: 0 transactions has expiry","service":"library-api","timestamp":"2026-07-08T06:01:00.323Z"}
{"level":"info","message":"[⌚CRONN] Total: 0 transactions has expiry","service":"library-api","timestamp":"2026-07-08T06:02:00.198Z"}
{"level":"info","message":"[⌚CRONN] Total: 0 transactions has expiry","service":"library-api","timestamp":"2026-07-08T06:03:00.513Z"}
{"level":"info","message":"[⌚CRONN] Total: 0 transactions has expiry","service":"library-api","timestamp":"2026-07-08T06:04:00.247Z"}
{"level":"info","message":"[⌚CRONN] Total: 0 transactions has expiry","service":"library-api","timestamp":"2026-07-08T06:05:00.556Z"}
{"level":"info","message":"[⌚CRONN] Total: 0 transactions has expiry","service":"library-api","timestamp":"2026-07-08T06:06:00.164Z"}
{"level":"info","message":"[⌚CRONN] Total: 0 transactions has expiry","service":"library-api","timestamp":"2026-07-08T06:07:00.440Z"}
{"level":"info","message":"[🔌REDIS]: Connected to redis-server","service":"library-api","timestamp":"2026-07-08T06:07:59.330Z"}
{"level":"info","message":"[⌚CRONN] Total: 0 transactions has expiry","service":"library-api","timestamp":"2026-07-08T06:08:00.266Z"}
{"level":"info","message":"[⌚CRONN] Total: 0 transactions has expiry","service":"library-api","timestamp":"2026-07-08T06:09:00.232Z"}
{"level":"http","message":"GET /api/v1/books 200 5455 - 262.823 ms - user:72d25424-64be-4156-82de-fb298e98e45c","service":"library-api","timestamp":"2026-07-08T06:09:02.312Z"}
{"level":"info","message":"[🔌REDIS]: Connected to redis-server","service":"library-api","timestamp":"2026-07-08T06:09:49.399Z"}
{"level":"info","message":"[🔌REDIS]: Connected to redis-server","service":"library-api","timestamp":"2026-07-08T06:09:58.516Z"}
{"level":"info","message":"[⌚CRONN] Total: 0 transactions has expiry","service":"library-api","timestamp":"2026-07-08T06:10:00.275Z"}
{"level":"info","message":"[🔌REDIS]: Connected to redis-server","service":"library-api","timestamp":"2026-07-08T06:10:16.085Z"}
{"level":"info","message":"[🔌REDIS]: Connected to redis-server","service":"library-api","timestamp":"2026-07-08T06:11:22.326Z"}
{"level":"info","message":"[🔌REDIS]: Connected to redis-server","service":"library-api","timestamp":"2026-07-08T06:11:31.910Z"}
{"level":"info","message":"[🔌REDIS]: Connected to redis-server","service":"library-api","timestamp":"2026-07-08T06:11:57.688Z"}
{"level":"info","message":"[⌚CRONN] Total: 0 transactions has expiry","service":"library-api","timestamp":"2026-07-08T06:12:00.275Z"}
{"level":"http","message":"GET /api/v1/books 200 5455 - 119.966 ms - user:72d25424-64be-4156-82de-fb298e98e45c","service":"library-api","timestamp":"2026-07-08T06:12:00.746Z"}
{"level":"info","message":"[🔌REDIS]: Connected to redis-server","service":"library-api","timestamp":"2026-07-08T06:12:23.160Z"}
{"level":"http","message":"GET /api/v1/books 200 57 - 12.181 ms - user:72d25424-64be-4156-82de-fb298e98e45c","service":"library-api","timestamp":"2026-07-08T06:12:26.498Z"}
{"level":"info","message":"[⌚CRONN] Total: 0 transactions has expiry","service":"library-api","timestamp":"2026-07-08T06:13:00.214Z"}
{"level":"info","message":"[🔌REDIS]: Connected to redis-server","service":"library-api","timestamp":"2026-07-08T06:15:51.867Z"}
{"level":"info","message":"[⌚CRONN] Total: 0 transactions has expiry","service":"library-api","timestamp":"2026-07-08T06:16:00.271Z"}
{"level":"error","message":"Unexpected token 'o', \"[object Obj\"... is not valid JSON","path":"/api/v1/books","service":"library-api","stack":"SyntaxError: Unexpected token 'o', \"[object Obj\"... is not valid JSON\n    at JSON.parse (<anonymous>)\n    at BookService.<anonymous> (D:\\workspace\\purwadhika\\web-development-class\\web-development-39\\advance\\library-api\\src\\features\\book\\book.service.ts:104:21)\n    at Generator.next (<anonymous>)\n    at fulfilled (D:\\workspace\\purwadhika\\web-development-class\\web-development-39\\advance\\library-api\\src\\features\\book\\book.service.ts:5:58)\n    at processTicksAndRejections (node:internal/process/task_queues:103:5)","timestamp":"2026-07-08T06:16:10.747Z"}
{"level":"http","message":"GET /api/v1/books 500 63 - 26.364 ms - user:72d25424-64be-4156-82de-fb298e98e45c","service":"library-api","timestamp":"2026-07-08T06:16:10.766Z"}
{"level":"info","message":"[🔌REDIS]: Connected to redis-server","service":"library-api","timestamp":"2026-07-08T06:16:29.418Z"}
{"level":"info","message":"[🔌REDIS]: Connected to redis-server","service":"library-api","timestamp":"2026-07-08T06:16:38.248Z"}
{"level":"http","message":"GET /api/v1/books 200 5455 - 15.654 ms - user:72d25424-64be-4156-82de-fb298e98e45c","service":"library-api","timestamp":"2026-07-08T06:16:40.057Z"}
{"level":"info","message":"[⌚CRONN] Total: 0 transactions has expiry","service":"library-api","timestamp":"2026-07-08T06:17:00.707Z"}
{"level":"http","message":"GET /api/v1/books?page=2 200 5455 - 4.914 ms - user:72d25424-64be-4156-82de-fb298e98e45c","service":"library-api","timestamp":"2026-07-08T06:17:22.760Z"}
{"level":"info","message":"[🔌REDIS]: Connected to redis-server","service":"library-api","timestamp":"2026-07-08T06:17:44.206Z"}
{"level":"info","message":"[🔌REDIS]: Connected to redis-server","service":"library-api","timestamp":"2026-07-08T06:17:50.818Z"}
{"level":"info","message":"[⌚CRONN] Total: 0 transactions has expiry","service":"library-api","timestamp":"2026-07-08T06:18:00.245Z"}
{"level":"info","message":"[🔌REDIS]: Connected to redis-server","service":"library-api","timestamp":"2026-07-08T06:18:16.047Z"}
{"level":"http","message":"GET /api/v1/books?page=2 200 5468 - 11.650 ms - user:72d25424-64be-4156-82de-fb298e98e45c","service":"library-api","timestamp":"2026-07-08T06:18:18.367Z"}
{"level":"http","message":"GET /api/v1/books 200 5468 - 3.210 ms - user:72d25424-64be-4156-82de-fb298e98e45c","service":"library-api","timestamp":"2026-07-08T06:18:50.997Z"}
{"level":"info","message":"[⌚CRONN] Total: 0 transactions has expiry","service":"library-api","timestamp":"2026-07-08T06:19:00.580Z"}
{"level":"info","message":"[⌚CRONN] Total: 0 transactions has expiry","service":"library-api","timestamp":"2026-07-08T06:20:00.143Z"}
{"level":"info","message":"[⌚CRONN] Total: 0 transactions has expiry","service":"library-api","timestamp":"2026-07-08T06:21:00.595Z"}
{"level":"info","message":"[⌚CRONN] Total: 0 transactions has expiry","service":"library-api","timestamp":"2026-07-08T06:22:00.211Z"}
{"level":"info","message":"[⌚CRONN] Total: 0 transactions has expiry","service":"library-api","timestamp":"2026-07-08T06:23:00.201Z"}
{"level":"info","message":"[⌚CRONN] Total: 0 transactions has expiry","service":"library-api","timestamp":"2026-07-08T06:24:00.177Z"}
{"level":"info","message":"[⌚CRONN] Total: 0 transactions has expiry","service":"library-api","timestamp":"2026-07-08T06:25:00.253Z"}
{"level":"http","message":"GET /api/v1/books?page=2 200 3485 - 137.555 ms - user:72d25424-64be-4156-82de-fb298e98e45c","service":"library-api","timestamp":"2026-07-08T06:25:02.157Z"}
{"level":"http","message":"GET /api/v1/books?page=1 200 3483 - 2.186 ms - user:72d25424-64be-4156-82de-fb298e98e45c","service":"library-api","timestamp":"2026-07-08T06:25:59.897Z"}
{"level":"info","message":"[⌚CRONN] Total: 0 transactions has expiry","service":"library-api","timestamp":"2026-07-08T06:26:00.283Z"}
{"level":"info","message":"[⌚CRONN] Total: 0 transactions has expiry","service":"library-api","timestamp":"2026-07-08T06:27:00.176Z"}
{"level":"info","message":"[⌚CRONN] Total: 0 transactions has expiry","service":"library-api","timestamp":"2026-07-08T06:28:00.168Z"}
{"level":"info","message":"[⌚CRONN] Total: 0 transactions has expiry","service":"library-api","timestamp":"2026-07-08T06:29:00.163Z"}
{"level":"info","message":"[⌚CRONN] Total: 0 transactions has expiry","service":"library-api","timestamp":"2026-07-08T06:30:00.175Z"}
{"level":"info","message":"[⌚CRONN] Total: 0 transactions has expiry","service":"library-api","timestamp":"2026-07-08T06:31:00.171Z"}
{"level":"info","message":"[🔌REDIS]: Connected to redis-server","service":"library-api","timestamp":"2026-07-08T06:31:32.439Z"}
{"level":"info","message":"[⌚CRONN] Total: 0 transactions has expiry","service":"library-api","timestamp":"2026-07-08T06:32:00.199Z"}
{"level":"info","message":"[🔌REDIS]: Connected to redis-server","service":"library-api","timestamp":"2026-07-08T06:32:42.912Z"}
{"level":"info","message":"[⌚CRONN] Total: 0 transactions has expiry","service":"library-api","timestamp":"2026-07-08T06:33:00.398Z"}
{"level":"http","message":"GET /api/v1/books 200 5469 - 218.946 ms - user:72d25424-64be-4156-82de-fb298e98e45c","service":"library-api","timestamp":"2026-07-08T06:33:28.871Z"}
{"level":"http","message":"GET /api/v1/books?page=2 200 3485 - 208.150 ms - user:72d25424-64be-4156-82de-fb298e98e45c","service":"library-api","timestamp":"2026-07-08T06:33:41.211Z"}
{"level":"http","message":"GET /api/v1/books?page=1 200 5468 - 2.264 ms - user:72d25424-64be-4156-82de-fb298e98e45c","service":"library-api","timestamp":"2026-07-08T06:33:48.414Z"}
{"level":"info","message":"[⌚CRONN] Total: 0 transactions has expiry","service":"library-api","timestamp":"2026-07-08T06:34:00.552Z"}
{"level":"info","message":"[⌚CRONN] Total: 0 transactions has expiry","service":"library-api","timestamp":"2026-07-08T06:35:00.263Z"}
{"level":"http","message":"GET /api/v1/books?title=Purwadhika 200 5468 - 1.967 ms - user:72d25424-64be-4156-82de-fb298e98e45c","service":"library-api","timestamp":"2026-07-08T06:35:11.959Z"}
{"level":"info","message":"[⌚CRONN] Total: 0 transactions has expiry","service":"library-api","timestamp":"2026-07-08T06:36:00.163Z"}
{"level":"info","message":"[⌚CRONN] Total: 0 transactions has expiry","service":"library-api","timestamp":"2026-07-08T06:37:00.173Z"}
{"level":"info","message":"[🔌REDIS]: Connected to redis-server","service":"library-api","timestamp":"2026-07-08T06:37:44.775Z"}
{"level":"info","message":"[⌚CRONN] Total: 0 transactions has expiry","service":"library-api","timestamp":"2026-07-08T06:38:00.249Z"}
{"level":"info","message":"[🔌REDIS]: Connected to redis-server","service":"library-api","timestamp":"2026-07-08T06:38:29.978Z"}
{"level":"info","message":"[⌚CRONN] Total: 0 transactions has expiry","service":"library-api","timestamp":"2026-07-08T06:39:00.339Z"}
{"level":"info","message":"[🔌REDIS]: Connected to redis-server","service":"library-api","timestamp":"2026-07-08T06:39:25.513Z"}
{"level":"info","message":"[🔌REDIS]: Connected to redis-server","service":"library-api","timestamp":"2026-07-08T06:40:04.053Z"}
{"level":"info","message":"[⌚CRONN] Total: 0 transactions has expiry","service":"library-api","timestamp":"2026-07-08T06:41:00.720Z"}
{"level":"info","message":"[⌚CRONN] Total: 0 transactions has expiry","service":"library-api","timestamp":"2026-07-08T06:42:00.162Z"}
{"level":"info","message":"[⌚CRONN] Total: 0 transactions has expiry","service":"library-api","timestamp":"2026-07-08T06:43:00.208Z"}
